FILE_TYPE=LIBRARY_PARTS;
PRIMITIVE 'CHSA3920R0003F','CHSA3920R0003F_Other';
  PIN
    '1':
      PIN_NUMBER='(1)';
      NO_LOAD_CHECK=BOTH;
      NO_IO_CHECK=BOTH;
      ALLOW_CONNECT=TRUE;
      PINUSE='UNSPEC';
    '2':
      PIN_NUMBER='(2)';
      NO_LOAD_CHECK=BOTH;
      NO_IO_CHECK=BOTH;
      ALLOW_CONNECT=TRUE;
      PINUSE='UNSPEC';
  END_PIN;
  BODY
    PART_NAME='CHSA3920R0003F';
    PHYS_DES_PREFIX='L';
    NO_LOAD_CHECK='TRUE';
    PIN_COUNT='2';
    BODY_NAME='CHSA3920R0003F';
    JEDEC_TYPE='CHSA3920R0003F';
  END_BODY;
END_PRIMITIVE;
END.
